[0.040s] Invoking command in '/home/gyufoxy/dev_ws/build/action_interfaces_ros2': /usr/bin/cmake /home/gyufoxy/dev_ws/src/action_interfaces_ros2 -DCMAKE_INSTALL_PREFIX=/home/gyufoxy/dev_ws/install/action_interfaces_ros2
[0.250s] -- The C compiler identification is GNU 9.3.0
[0.464s] -- The CXX compiler identification is GNU 9.3.0
[0.473s] -- Check for working C compiler: /usr/bin/cc
[0.542s] -- Check for working C compiler: /usr/bin/cc -- works
[0.544s] -- Detecting C compiler ABI info
[0.607s] -- Detecting C compiler ABI info - done
[0.619s] -- Detecting C compile features
[0.620s] -- Detecting C compile features - done
[0.624s] -- Check for working CXX compiler: /usr/bin/c++
[0.700s] -- Check for working CXX compiler: /usr/bin/c++ -- works
[0.701s] -- Detecting CXX compiler ABI info
[0.785s] -- Detecting CXX compiler ABI info - done
[0.797s] -- Detecting CXX compile features
[0.798s] -- Detecting CXX compile features - done
[0.802s] -- Found ament_cmake: 0.9.9 (/opt/ros/foxy/share/ament_cmake/cmake)
[0.835s] -- Found PythonInterp: /usr/bin/python3 (found suitable version "3.8.10", minimum required is "3") 
[0.835s] -- Using PYTHON_EXECUTABLE: /usr/bin/python3
[1.060s] -- Found rosidl_default_generators: 1.0.1 (/opt/ros/foxy/share/rosidl_default_generators/cmake)
[1.066s] -- Using all available rosidl_typesupport_c: rosidl_typesupport_fastrtps_c;rosidl_typesupport_introspection_c
[1.075s] -- Found rosidl_adapter: 1.2.1 (/opt/ros/foxy/share/rosidl_adapter/cmake)
[1.174s] -- Found OpenSSL: /usr/lib/x86_64-linux-gnu/libcrypto.so (found version "1.1.1f")  
[1.201s] -- Found FastRTPS: /opt/ros/foxy/include  
[1.286s] -- Using all available rosidl_typesupport_cpp: rosidl_typesupport_fastrtps_cpp;rosidl_typesupport_introspection_cpp
[1.336s] -- Found PythonInterp: /usr/bin/python3 (found version "3.8.10") 
[1.509s] Error parsing '/home/gyufoxy/dev_ws/src/action_interfaces_ros2/package.xml':
[1.618s] Traceback (most recent call last):
[1.618s]   File "/usr/lib/python3/dist-packages/catkin_pkg/package.py", line 597, in parse_package_string
[1.619s]     root = dom.parseString(data)
[1.619s]   File "/usr/lib/python3.8/xml/dom/minidom.py", line 1969, in parseString
[1.619s]     return expatbuilder.parseString(string)
[1.619s]   File "/usr/lib/python3.8/xml/dom/expatbuilder.py", line 925, in parseString
[1.619s]     return builder.parseString(string)
[1.620s]   File "/usr/lib/python3.8/xml/dom/expatbuilder.py", line 223, in parseString
[1.620s]     parser.Parse(string, True)
[1.620s] xml.parsers.expat.ExpatError: mismatched tag: line 24, column 2
[1.620s] 
[1.620s] During handling of the above exception, another exception occurred:
[1.620s] 
[1.621s] Traceback (most recent call last):
[1.621s]   File "/opt/ros/foxy/share/ament_cmake_core/cmake/core/package_xml_2_cmake.py", line 143, in <module>
[1.621s]     main()
[1.621s]   File "/opt/ros/foxy/share/ament_cmake_core/cmake/core/package_xml_2_cmake.py", line 52, in main
[1.621s]     raise e
[1.621s]   File "/opt/ros/foxy/share/ament_cmake_core/cmake/core/package_xml_2_cmake.py", line 48, in main
[1.622s]     package = parse_package_string(
[1.622s]   File "/usr/lib/python3/dist-packages/catkin_pkg/package.py", line 599, in parse_package_string
[1.622s]     raise InvalidPackage('The manifest contains invalid XML:\n%s' % ex, filename)
[1.622s] catkin_pkg.package.InvalidPackage: Error(s) in package '/home/gyufoxy/dev_ws/src/action_interfaces_ros2/package.xml':
[1.622s] The manifest contains invalid XML:
[1.622s] mismatched tag: line 24, column 2
[1.645s] CMake Error at /opt/ros/foxy/share/ament_cmake_core/cmake/core/ament_package_xml.cmake:94 (message):
[1.645s]   execute_process(/usr/bin/python3
[1.645s]   /opt/ros/foxy/share/ament_cmake_core/cmake/core/package_xml_2_cmake.py
[1.645s]   /home/gyufoxy/dev_ws/src/action_interfaces_ros2/package.xml
[1.646s]   /home/gyufoxy/dev_ws/build/action_interfaces_ros2/ament_cmake_core/package.cmake)
[1.646s]   returned error code 1
[1.646s] Call Stack (most recent call first):
[1.646s]   /opt/ros/foxy/share/ament_cmake_core/cmake/core/ament_package_xml.cmake:49 (_ament_package_xml)
[1.646s]   /opt/ros/foxy/share/rosidl_cmake/cmake/rosidl_generate_interfaces.cmake:226 (ament_package_xml)
[1.646s]   CMakeLists.txt:24 (rosidl_generate_interfaces)
[1.646s] 
[1.646s] 
[1.647s] -- Configuring incomplete, errors occurred!
[1.647s] See also "/home/gyufoxy/dev_ws/build/action_interfaces_ros2/CMakeFiles/CMakeOutput.log".
[1.654s] Invoked command in '/home/gyufoxy/dev_ws/build/action_interfaces_ros2' returned '1': /usr/bin/cmake /home/gyufoxy/dev_ws/src/action_interfaces_ros2 -DCMAKE_INSTALL_PREFIX=/home/gyufoxy/dev_ws/install/action_interfaces_ros2
